
> my-saas-app@0.1.0 build
> next build

  Γû▓ Next.js 14.2.5
  - Environments: .env.local

   Creating an optimized production build ...
node.exe : Failed to compile.
At line:1 char:1
+ & "C:\Program Files\nodejs/node.exe" "C:\Program Files\nodejs/node_mo ...
+ ~~~~~~~~~~~~~~~~~~~~~~~~~~~~~~~~~~~~~~~~~~~~~~~~~~~~~~~~~~~~~~~~~~~~~
    + CategoryInfo          : NotSpecified: (Failed to compile.:String) [], RemoteException
    + FullyQualifiedErrorId : NativeCommandError
 

src\app\(marketing)\gallery\page.jsx
You cannot have two parallel pages that resolve to the same path. Please check 
/(marketing)/gallery/page and /gallery/page. Refer to the route group docs for more information: 
https://nextjs.org/docs/app/building-your-application/routing/route-groups

src\app\gallery\page.tsx
You cannot have two parallel pages that resolve to the same path. Please check 
/(marketing)/gallery/page and /gallery/page. Refer to the route group docs for more information: 
https://nextjs.org/docs/app/building-your-application/routing/route-groups


> Build failed because of webpack errors
